[      51ms] [INFO] %cDownload the React DevTools for a better development experience: https://reactjs.org/link/react-devtools font-weight:bold @ http://localhost:8080/node_modules/.vite/deps/chunk-TKA7E7G6.js?v=7e31023e:21608
[      63ms] [WARNING] ⚠️ React Router Future Flag Warning: React Router will begin wrapping state updates in `React.startTransition` in v7. You can use the `v7_startTransition` future flag to opt-in early. For more information, see https://reactrouter.com/v6/upgrading/future#v7_starttransition. @ http://localhost:8080/node_modules/.vite/deps/react-router-dom.js?v=7e31023e:4434
[      63ms] [WARNING] ⚠️ React Router Future Flag Warning: Relative route resolution within Splat routes is changing in v7. You can use the `v7_relativeSplatPath` future flag to opt-in early. For more information, see https://reactrouter.com/v6/upgrading/future#v7_relativesplatpath. @ http://localhost:8080/node_modules/.vite/deps/react-router-dom.js?v=7e31023e:4434
[      72ms] [LOG] %c[Vercel Web Analytics]%c Debug mode is enabled by default in development. No requests will be sent to the server. color: rgb(120, 120, 120) color: inherit @ https://va.vercel-scripts.com/v1/script.debug.js:0
[      72ms] [LOG] %c[Vercel Web Analytics]%c [view] http://localhost:8080/ color: rgb(120, 120, 120) color: inherit {o: http://localhost:8080/, sv: 0.1.3, sdkn: @vercel/analytics/react, sdkv: 1.6.1, ts: 1782017251620} /_vercel/insights/view @ https://va.vercel-scripts.com/v1/script.debug.js:0
[   64246ms] [ERROR] Failed to load resource: the server responded with a status of 500 (Internal Server Error) @ http://localhost:8080/src/pages/LandingPage.tsx?t=1782017315781:0
[   64246ms] [ERROR] [vite] Failed to reload /src/pages/LandingPage.tsx. This could be due to syntax errors or importing non-existent modules. (see errors above) @ http://localhost:8080/@vite/client:808
[   64276ms] [ERROR] [vite] Internal Server Error
  x Expression expected
     ,-[/Users/justinwang/Documents/cs/javascript/TritonSchedule/frontend/src/pages/LandingPage.tsx:167:1]
 164 |     </div>
 165 |   );
 166 | }
 167 |                 </div>
     :                 ^
 168 |               ))}
 169 |             </div>
     `----
  x Unterminated regexp literal
     ,-[/Users/justinwang/Documents/cs/javascript/TritonSchedule/frontend/src/pages/LandingPage.tsx:167:1]
 164 |     </div>
 165 |   );
 166 | }
 167 |                 </div>
     :                  ^^^^^
 168 |               ))}
 169 |             </div>
     `----
  x Expression expected
     ,-[/Users/justinwang/Documents/cs/javascript/TritonSchedule/frontend/src/pages/LandingPage.tsx:167:1]
 164 |     </div>
 165 |   );
 166 | }
 167 |                 </div>
     :                   ^^^^
 168 |               ))}
 169 |             </div>
     `----


Caused by:
    Syntax Error
 @ http://localhost:8080/@vite/client:891
[   64276ms] [ERROR] [vite] Internal Server Error
  x Expression expected
     ,-[/Users/justinwang/Documents/cs/javascript/TritonSchedule/frontend/src/pages/LandingPage.tsx:167:1]
 164 |     </div>
 165 |   );
 166 | }
 167 |                 </div>
     :                 ^
 168 |               ))}
 169 |             </div>
     `----
  x Unterminated regexp literal
     ,-[/Users/justinwang/Documents/cs/javascript/TritonSchedule/frontend/src/pages/LandingPage.tsx:167:1]
 164 |     </div>
 165 |   );
 166 | }
 167 |                 </div>
     :                  ^^^^^
 168 |               ))}
 169 |             </div>
     `----
  x Expression expected
     ,-[/Users/justinwang/Documents/cs/javascript/TritonSchedule/frontend/src/pages/LandingPage.tsx:167:1]
 164 |     </div>
 165 |   );
 166 | }
 167 |                 </div>
     :                   ^^^^
 168 |               ))}
 169 |             </div>
     `----


Caused by:
    Syntax Error
 @ http://localhost:8080/@vite/client:891
